we have differenet errors in python
1.execution errors
there are the error that happen when the program is running

2.runtime
3.logic error
4.syntax error

RULES ABOUT THE TYPE CASTING

we can not change the string to int except when the string itself is an int
like name="10"

#this is only what is allowed
print(int(name))

var=None